sysconf01    1  TPASS  :  _SC_CLK_TCK = 100
sysconf01    2  TPASS  :  _SC_ARG_MAX = 2097152
sysconf01    3  TPASS  :  _SC_CHILD_MAX = 46381
sysconf01    4  TPASS  :  _SC_OPEN_MAX = 1024
sysconf01    5  TPASS  :  _SC_JOB_CONTROL = 1
sysconf01    6  TPASS  :  _SC_SAVED_IDS = 1
sysconf01    7  TPASS  :  _SC_VERSION = 200809
sysconf01    8  TPASS  :  _SC_PASS_MAX = 8192
sysconf01    9  TPASS  :  _SC_LOGIN_NAME_MAX = 256
sysconf01   10  TPASS  :  _SC_XOPEN_VERSION = 700
sysconf01   11  TCONF  :  sysconf01.c:65: Not supported sysconf resource: _SC_TZNAME_MAX
sysconf01   12  TPASS  :  _SC_STREAM_MAX = 16
sysconf01   13  TCONF  :  sysconf01.c:65: Not supported sysconf resource: _SC_XOPEN_CRYPT
sysconf01   14  TPASS  :  _SC_XOPEN_ENH_I18N = 1
sysconf01   15  TPASS  :  _SC_XOPEN_SHM = 1
sysconf01   16  TPASS  :  _SC_XOPEN_XCU_VERSION = 4
sysconf01   17  TPASS  :  _SC_ATEXIT_MAX = 2147483647
sysconf01   18  TPASS  :  _SC_2_C_BIND = 200809
sysconf01   19  TPASS  :  _SC_2_C_DEV = 200809
sysconf01   20  TPASS  :  _SC_2_C_VERSION = 200809
sysconf01   21  TPASS  :  _SC_2_CHAR_TERM = 200809
sysconf01   22  TCONF  :  sysconf01.c:65: Not supported sysconf resource: _SC_2_FORT_DEV
sysconf01   23  TCONF  :  sysconf01.c:65: Not supported sysconf resource: _SC_2_FORT_RUN
sysconf01   24  TPASS  :  _SC_2_LOCALEDEF = 200809
sysconf01   25  TPASS  :  _SC_2_SW_DEV = 200809
sysconf01   26  TCONF  :  sysconf01.c:65: Not supported sysconf resource: _SC_2_UPE
sysconf01   27  TPASS  :  _SC_2_VERSION = 200809
sysconf01   28  TPASS  :  _SC_BC_BASE_MAX = 99
sysconf01   29  TPASS  :  _SC_BC_DIM_MAX = 2048
sysconf01   30  TPASS  :  _SC_BC_SCALE_MAX = 99
sysconf01   31  TPASS  :  _SC_BC_STRING_MAX = 1000
sysconf01   32  TPASS  :  _SC_COLL_WEIGHTS_MAX = 255
sysconf01   33  TPASS  :  _SC_EXPR_NEST_MAX = 32
sysconf01   34  TPASS  :  _SC_LINE_MAX = 2048
sysconf01   35  TPASS  :  _SC_RE_DUP_MAX = 32767
sysconf01   36  TPASS  :  _SC_XOPEN_UNIX = 1
sysconf01   37  TPASS  :  _SC_PAGESIZE = 4096
sysconf01   38  TPASS  :  _SC_PHYS_PAGES = 2989960
sysconf01   39  TPASS  :  _SC_AVPHYS_PAGES = 2002659
sysconf01   40  TCONF  :  sysconf01.c:65: Not supported sysconf resource: _SC_AIO_MAX
sysconf01   41  TPASS  :  _SC_AIO_PRIO_DELTA_MAX = 20
sysconf01   42  TPASS  :  _SC_SEMAPHORES = 200809
sysconf01   43  TCONF  :  sysconf01.c:65: Not supported sysconf resource: _SC_SEM_NSEMS_MAX
sysconf01   44  TPASS  :  _SC_SEM_VALUE_MAX = 2147483647
sysconf01   45  TPASS  :  _SC_MEMORY_PROTECTION = 200809
sysconf01   46  TPASS  :  _SC_FSYNC = 200809
sysconf01   47  TPASS  :  _SC_MEMORY_PROTECTION = 200809
sysconf01   48  TPASS  :  _SC_TIMERS = 200809
sysconf01   49  TCONF  :  sysconf01.c:65: Not supported sysconf resource: _SC_TIMER_MAX
sysconf01   50  TPASS  :  _SC_MAPPED_FILES = 200809
sysconf01   51  TPASS  :  _SC_THREAD_PRIORITY_SCHEDULING = 200809
sysconf01   52  TPASS  :  _SC_XOPEN_LEGACY = 1
sysconf01   53  TPASS  :  _SC_MEMLOCK = 200809
sysconf01   54  TCONF  :  sysconf01.c:65: Not supported sysconf resource: _SC_XBS5_ILP32_OFF32
sysconf01   55  TCONF  :  sysconf01.c:65: Not supported sysconf resource: _SC_XBS5_ILP32_OFFBIG
sysconf01   56  TPASS  :  The invalid sysconf key was trapped appropriately
